// Jest Snapshot v1, https://goo.gl/fbAQLP

exports[`Teste de snapshot Snapshot tela Cadastro 1`] = `
<View
  style={
    Array [
      Object {
        "alignItems": "center",
        "backgroundColor": "#fff",
        "display": "flex",
        "flexDirection": "column",
        "height": "100%",
        "justifyContent": "center",
      },
    ]
  }
>
  <View
    accessibilityIgnoresInvertColors={true}
    style={
      Object {
        "height": 100,
        "width": 100,
      }
    }
  >
    <Image
      source={1}
      style={
        Array [
          Object {
            "bottom": 0,
            "left": 0,
            "position": "absolute",
            "right": 0,
            "top": 0,
          },
          Object {
            "height": 100,
            "width": 100,
          },
          undefined,
        ]
      }
    />
  </View>
  <Text
    style={
      Array [
        Object {
          "color": "#000",
          "fontSize": 30,
          "textAlign": "center",
        },
      ]
    }
  >
    Cadastro de Usu√°rio
  </Text>
  <TextInput
    allowFontScaling={true}
    onChangeText={[Function]}
    placeholder="Nome completo"
    rejectResponderTermination={true}
    style={
      Array [
        Object {
          "backgroundColor": "#fff",
          "borderColor": "#000",
          "borderRadius": 7,
          "borderStyle": "solid",
          "borderWidth": 1,
          "height": 35,
          "marginBottom": 10,
          "marginLeft": 0,
          "marginRight": 0,
          "marginTop": 10,
          "paddingBottom": 10,
          "paddingLeft": 10,
          "paddingRight": 10,
          "paddingTop": 10,
          "width": 250,
        },
      ]
    }
    underlineColorAndroid="transparent"
  />
  <TextInput
    allowFontScaling={true}
    onChangeText={[Function]}
    placeholder="Digite seu email"
    rejectResponderTermination={true}
    style={
      Array [
        Object {
          "backgroundColor": "#fff",
          "borderColor": "#000",
          "borderRadius": 7,
          "borderStyle": "solid",
          "borderWidth": 1,
          "height": 35,
          "marginBottom": 10,
          "marginLeft": 0,
          "marginRight": 0,
          "marginTop": 10,
          "paddingBottom": 10,
          "paddingLeft": 10,
          "paddingRight": 10,
          "paddingTop": 10,
          "width": 250,
        },
      ]
    }
    underlineColorAndroid="transparent"
  />
  <TextInput
    allowFontScaling={true}
    onChangeText={[Function]}
    placeholder="Digite sua senha"
    rejectResponderTermination={true}
    secureTextEntry={true}
    style={
      Array [
        Object {
          "backgroundColor": "#fff",
          "borderColor": "#000",
          "borderRadius": 7,
          "borderStyle": "solid",
          "borderWidth": 1,
          "height": 35,
          "marginBottom": 10,
          "marginLeft": 0,
          "marginRight": 0,
          "marginTop": 10,
          "paddingBottom": 10,
          "paddingLeft": 10,
          "paddingRight": 10,
          "paddingTop": 10,
          "width": 250,
        },
      ]
    }
    underlineColorAndroid="transparent"
  />
  <View
    accessible={true}
    focusable={true}
    onClick={[Function]}
    onResponderGrant={[Function]}
    onResponderMove={[Function]}
    onResponderRelease={[Function]}
    onResponderTerminate={[Function]}
    onResponderTerminationRequest={[Function]}
    onStartShouldSetResponder={[Function]}
    style={
      Array [
        Object {
          "alignItems": "center",
          "backgroundColor": "#55f",
          "borderColor": "#000",
          "borderRadius": 10,
          "borderStyle": "solid",
          "borderWidth": 1,
          "display": "flex",
          "height": 40,
          "justifyContent": "center",
          "marginBottom": 10,
          "marginLeft": 10,
          "marginRight": 10,
          "marginTop": 10,
          "width": 200,
        },
      ]
    }
    testID="btnCriar"
  >
    <Text
      style={
        Array [
          Object {
            "color": "#fff",
            "fontSize": 25,
            "textAlign": "center",
          },
        ]
      }
    >
      Criar Conta
    </Text>
  </View>
</View>
`;
