// Jest Snapshot v1, https://goo.gl/fbAQLP

exports[`Teste de Snapshot Snapshot de Cadastrar Nobreak 1`] = `
<RNCSafeAreaProvider
  onInsetsChange={[Function]}
  style={
    Array [
      Object {
        "flex": 1,
      },
      undefined,
    ]
  }
>
  <RNSScreenStack
    style={
      Object {
        "flex": 1,
      }
    }
  >
    <RNSScreen
      forwardedRef={[Function]}
      onAppear={[Function]}
      onDisappear={[Function]}
      onDismissed={[Function]}
      onTransitionProgress={[Function]}
      onWillDisappear={[Function]}
      replaceAnimation="push"
      stackPresentation="push"
      style={
        Object {
          "bottom": 0,
          "left": 0,
          "position": "absolute",
          "right": 0,
          "top": 0,
        }
      }
      swipeDirection="horizontal"
    >
      <RNSScreenStackHeaderConfig
        backButtonInCustomView={false}
        backgroundColor="#00FFFF"
        color="black"
        direction="ltr"
        disableBackButtonMenu={false}
        hidden={false}
        hideBackButton={false}
        largeTitleHideShadow={false}
        title="Login"
        titleColor="black"
        titleFontWeight="bold"
        topInsetEnabled={false}
        translucent={false}
      />
      <View
        style={
          Array [
            Object {
              "flex": 1,
            },
            Object {
              "backgroundColor": "rgb(242, 242, 242)",
            },
            undefined,
          ]
        }
      >
        <View
          style={
            Array [
              Object {
                "alignItems": "center",
                "backgroundColor": "#fff",
                "display": "flex",
                "flexDirection": "column",
                "height": "100%",
                "justifyContent": "center",
              },
            ]
          }
        >
          <View
            accessibilityIgnoresInvertColors={true}
            style={
              Object {
                "height": 100,
                "width": 100,
              }
            }
          >
            <Image
              source={1}
              style={
                Array [
                  Object {
                    "bottom": 0,
                    "left": 0,
                    "position": "absolute",
                    "right": 0,
                    "top": 0,
                  },
                  Object {
                    "height": 100,
                    "width": 100,
                  },
                  undefined,
                ]
              }
            />
          </View>
          <Text
            style={
              Array [
                Object {
                  "color": "#000",
                  "fontSize": 30,
                  "textAlign": "center",
                },
              ]
            }
          >
            Login
          </Text>
          <TextInput
            allowFontScaling={true}
            placeholder="Digite seu email"
            rejectResponderTermination={true}
            style={
              Array [
                Object {
                  "backgroundColor": "#fff",
                  "borderColor": "#000",
                  "borderRadius": 7,
                  "borderStyle": "solid",
                  "borderWidth": 1,
                  "height": 35,
                  "marginBottom": 10,
                  "marginLeft": 0,
                  "marginRight": 0,
                  "marginTop": 10,
                  "paddingBottom": 10,
                  "paddingLeft": 10,
                  "paddingRight": 10,
                  "paddingTop": 10,
                  "width": 250,
                },
              ]
            }
            underlineColorAndroid="transparent"
          />
          <TextInput
            allowFontScaling={true}
            placeholder="Digite sua senha"
            rejectResponderTermination={true}
            secureTextEntry={true}
            style={
              Array [
                Object {
                  "backgroundColor": "#fff",
                  "borderColor": "#000",
                  "borderRadius": 7,
                  "borderStyle": "solid",
                  "borderWidth": 1,
                  "height": 35,
                  "marginBottom": 10,
                  "marginLeft": 0,
                  "marginRight": 0,
                  "marginTop": 10,
                  "paddingBottom": 10,
                  "paddingLeft": 10,
                  "paddingRight": 10,
                  "paddingTop": 10,
                  "width": 250,
                },
              ]
            }
            underlineColorAndroid="transparent"
          />
          <View
            accessible={true}
            focusable={true}
            onClick={[Function]}
            onResponderGrant={[Function]}
            onResponderMove={[Function]}
            onResponderRelease={[Function]}
            onResponderTerminate={[Function]}
            onResponderTerminationRequest={[Function]}
            onStartShouldSetResponder={[Function]}
            style={
              Array [
                Object {
                  "alignItems": "center",
                  "backgroundColor": "#55f",
                  "borderColor": "#000",
                  "borderRadius": 10,
                  "borderStyle": "solid",
                  "borderWidth": 1,
                  "display": "flex",
                  "height": 40,
                  "justifyContent": "center",
                  "marginBottom": 10,
                  "marginLeft": 10,
                  "marginRight": 10,
                  "marginTop": 10,
                  "width": 200,
                },
              ]
            }
            testID="btnEntrar"
          >
            <Text
              style={
                Array [
                  Object {
                    "color": "#fff",
                    "fontSize": 25,
                    "textAlign": "center",
                  },
                ]
              }
            >
              Entrar
            </Text>
          </View>
          <Text
            onPress={[Function]}
            style={
              Array [
                Object {
                  "color": "#000",
                  "fontSize": 22,
                  "marginBottom": 10,
                  "marginLeft": 0,
                  "marginRight": 0,
                  "marginTop": 10,
                  "textAlign": "center",
                },
              ]
            }
            testID="btnCriar"
          >
            Criar uma conta
          </Text>
        </View>
      </View>
    </RNSScreen>
  </RNSScreenStack>
</RNCSafeAreaProvider>
`;
